// Jest Snapshot v1, https://goo.gl/fbAQLP

exports[`LOG IN SNAPSHOT TEST log in page 1`] = `
<div>
  <nav
    className="lg:px-16 px-6 flex flex-wrap items-center lg:py-0 py-2 -mb-22 z-20 relative"
  >
    <div
      className="flex-1 flex justify-between items-center"
    >
      <a
        className="logo"
        href="#"
      />
    </div>
    <div
      className="hidden lg:flex lg:items-center lg:w-auto w-full"
      id="menu"
    >
      <div>
        <ul
          className="lg:flex items-center justify-between text-base text-white font-montserrat font-semibold pt-4 lg:pt-0"
        >
          <li>
            <a
              className="lg:p-4 py-3 px-0 block border-b-2 border-transparent hover:border-yellow-400"
              href="/signup"
              onClick={[Function]}
            >
              Features
            </a>
          </li>
          <li>
            <a
              className="lg:p-4 py-3 px-0 block border-b-2 border-transparent hover:border-yellow-400 lg:mb-0 mb-2"
              href="/signup"
              onClick={[Function]}
            >
              Support
            </a>
          </li>
          <li>
            <a
              className="lg:p-4 py-3 px-0 block border-b-2 border-transparent hover:border-yellow-400"
              href="/signup"
              onClick={[Function]}
            >
              Sign Up
            </a>
          </li>
          <li>
            <a
              className="lg:p-4 py-3 px-0 block border-b-2 border-transparent hover:border-yellow-400"
              href="/login"
              onClick={[Function]}
            >
              Log In
            </a>
          </li>
        </ul>
      </div>
      <a
        className="lg:ml-4 flex items-center justify-start lg:mb-0 mb-4 pointer-cursor"
        href="#"
      >
        <img
          alt="Andy Leverenz"
          className="rounded-full w-10 h-10 border-2 border-transparent hover:border-indigo-400"
          src="https://pbs.twimg.com/profile_images/1128143121475342337/e8tkhRaz_normal.jpg"
        />
      </a>
    </div>
  </nav>
  <div
    className="signUp flexdiv"
  >
    <form
      autoComplete="off"
      className="flexcenter inset-0 rounded-lg w-5/12 m-auto p-8"
      onSubmit={[Function]}
    >
      <h3
        className="text-center text-white text-3xl font-semibold"
      >
        Sign Up
      </h3>
      <div
        className="px-10 my-10"
      >
        <div
          className="flex input-group items-center"
        >
          <label
            htmlFor="email"
          >
            Email
          </label>
          <input
            className="input"
            name="email"
            onChange={[Function]}
            placeholder="username@epicmail.com"
            required={true}
            type="email"
          />
        </div>
        <div
          className="flex input-group items-center"
        >
          <label
            htmlFor="recoveryEmail"
          >
            Recovery Email
          </label>
          <input
            className="input"
            name="recoveryEmail"
            onChange={[Function]}
            required={true}
            type="email"
          />
        </div>
        <div
          className="flex input-group items-center"
        >
          <label
            htmlFor="password"
          >
            Password
          </label>
          <input
            className="input"
            name="password"
            onChange={[Function]}
            required={true}
            type="password"
          />
        </div>
        <div
          className="flex input-group items-center"
        >
          <label
            htmlFor="confirmPassword"
          >
            Confirm Password
          </label>
          <input
            className="input"
            name="confirmPassword"
            onChange={[Function]}
            required={true}
            type="password"
          />
        </div>
      </div>
      <p
        className="text-center block mx-auto text-white font-semibold my-2 opacity-75"
      >
        
      </p>
      <button
        className="px-8 py-3 shadow-lg text-center block mx-auto mt-4 text-yellow-800 font-semibold bg-yellow-500 rounded-lg"
        disabled={false}
        type="submit"
      >
        Register
      </button>
    </form>
  </div>
  <footer
    className="absolute bottom-0 text-center text-sm py-3 w-full"
  >
    <h3
      className="text-white font-lato"
    >
      EPICMAIL Copyright 
      2019
    </h3>
  </footer>
</div>
`;
